0 verbose cli /.sprite/languages/node/nvm/versions/node/v24.18.0/bin/node /.sprite/languages/node/nvm/versions/node/v24.18.0/bin/npm
1 info using npm@12.0.2
2 info using node@v24.18.0
3 silly config load:file:/.sprite/languages/node/nvm/versions/node/v24.18.0/lib/node_modules/npm/npmrc
4 silly config load:file:/home/sprite/.npmrc
5 silly config load:file:/.sprite/languages/node/nvm/versions/node/v24.18.0/etc/npmrc
6 verbose title npm install
7 verbose argv "install"
8 verbose logfile logs-max:10 dir:/home/sprite/.npm/_logs/2026-09-21T16_40_36_431Z-
9 verbose logfile /home/sprite/.npm/_logs/2026-09-21T16_40_36_431Z-debug-0.log
10 silly logfile done cleaning log files
11 silly packumentCache heap:2348810240 maxSize:587202560 maxEntrySize:293601280
12 silly idealTree buildDeps
13 silly reify moves {}
14 silly audit bulk request {
14 silly audit   '@babel/code-frame': [ '7.29.7' ],
14 silly audit   '@babel/compat-data': [ '7.29.7' ],
14 silly audit   '@babel/core': [ '7.29.7' ],
14 silly audit   '@babel/generator': [ '7.29.8' ],
14 silly audit   '@babel/helper-compilation-targets': [ '7.29.7' ],
14 silly audit   '@babel/helper-globals': [ '7.29.7' ],
14 silly audit   '@babel/helper-module-imports': [ '7.29.7' ],
14 silly audit   '@babel/helper-module-transforms': [ '7.29.7' ],
14 silly audit   '@babel/helper-plugin-utils': [ '7.29.7' ],
14 silly audit   '@babel/helper-string-parser': [ '7.29.7' ],
14 silly audit   '@babel/helper-validator-identifier': [ '7.29.7' ],
14 silly audit   '@babel/helper-validator-option': [ '7.29.7' ],
14 silly audit   '@babel/helpers': [ '7.29.7' ],
14 silly audit   '@babel/parser': [ '7.29.9' ],
14 silly audit   '@babel/plugin-transform-react-jsx-self': [ '7.29.7' ],
14 silly audit   '@babel/plugin-transform-react-jsx-source': [ '7.29.7' ],
14 silly audit   '@babel/template': [ '7.29.7' ],
14 silly audit   '@babel/traverse': [ '7.29.8' ],
14 silly audit   '@babel/types': [ '7.29.8' ],
14 silly audit   '@jridgewell/gen-mapping': [ '0.3.13' ],
14 silly audit   '@jridgewell/remapping': [ '2.3.5' ],
14 silly audit   '@jridgewell/resolve-uri': [ '3.1.2' ],
14 silly audit   '@jridgewell/sourcemap-codec': [ '1.6.0' ],
14 silly audit   '@jridgewell/trace-mapping': [ '0.3.31' ],
14 silly audit   '@oxc-project/types': [ '0.150.0' ],
14 silly audit   '@rolldown/binding-android-arm-eabi': [ '1.2.9' ],
14 silly audit   '@rolldown/binding-android-arm64': [ '1.2.9' ],
14 silly audit   '@rolldown/binding-darwin-arm64': [ '1.2.9' ],
14 silly audit   '@rolldown/binding-darwin-x64': [ '1.2.9' ],
14 silly audit   '@rolldown/binding-freebsd-x64': [ '1.2.9' ],
14 silly audit   '@rolldown/binding-linux-arm-gnueabihf': [ '1.2.9' ],
14 silly audit   '@rolldown/binding-linux-arm64-gnu': [ '1.2.9' ],
14 silly audit   '@rolldown/binding-linux-arm64-musl': [ '1.2.9' ],
14 silly audit   '@rolldown/binding-linux-ppc64-gnu': [ '1.2.9' ],
14 silly audit   '@rolldown/binding-linux-s390x-gnu': [ '1.2.9' ],
14 silly audit   '@rolldown/binding-linux-x64-gnu': [ '1.2.9' ],
14 silly audit   '@rolldown/binding-linux-x64-musl': [ '1.2.9' ],
14 silly audit   '@rolldown/binding-openharmony-arm64': [ '1.2.9' ],
14 silly audit   '@rolldown/binding-win32-arm64-msvc': [ '1.2.9' ],
14 silly audit   '@rolldown/binding-win32-x64-msvc': [ '1.2.9' ],
14 silly audit   '@rolldown/pluginutils': [ '1.0.0-rc.3', '1.0.1' ],
14 silly audit   '@tailwindcss/node': [ '4.3.3' ],
14 silly audit   '@tailwindcss/oxide': [ '4.3.3' ],
14 silly audit   '@tailwindcss/oxide-android-arm64': [ '4.3.3' ],
14 silly audit   '@tailwindcss/oxide-darwin-arm64': [ '4.3.3' ],
14 silly audit   '@tailwindcss/oxide-darwin-x64': [ '4.3.3' ],
14 silly audit   '@tailwindcss/oxide-freebsd-x64': [ '4.3.3' ],
14 silly audit   '@tailwindcss/oxide-linux-arm-gnueabihf': [ '4.3.3' ],
14 silly audit   '@tailwindcss/oxide-linux-arm64-gnu': [ '4.3.3' ],
14 silly audit   '@tailwindcss/oxide-linux-arm64-musl': [ '4.3.3' ],
14 silly audit   '@tailwindcss/oxide-linux-x64-gnu': [ '4.3.3' ],
14 silly audit   '@tailwindcss/oxide-linux-x64-musl': [ '4.3.3' ],
14 silly audit   '@tailwindcss/oxide-wasm32-wasi': [ '4.3.3' ],
14 silly audit   '@tailwindcss/oxide-win32-arm64-msvc': [ '4.3.3' ],
14 silly audit   '@tailwindcss/oxide-win32-x64-msvc': [ '4.3.3' ],
14 silly audit   '@tailwindcss/vite': [ '4.3.3' ],
14 silly audit   '@tanstack/history': [ '1.162.4' ],
14 silly audit   '@tanstack/react-router': [ '1.170.38' ],
14 silly audit   '@tanstack/react-store': [ '0.11.1' ],
14 silly audit   '@tanstack/router-core': [ '1.171.32' ],
14 silly audit   '@tanstack/router-generator': [ '1.167.38' ],
14 silly audit   '@tanstack/router-plugin': [ '1.168.40' ],
14 silly audit   '@tanstack/router-utils': [ '1.162.3' ],
14 silly audit   '@tanstack/store': [ '0.11.1' ],
14 silly audit   '@tanstack/virtual-file-routes': [ '1.162.0' ],
14 silly audit   '@types/babel__core': [ '7.20.5' ],
14 silly audit   '@types/babel__generator': [ '7.27.0' ],
14 silly audit   '@types/babel__template': [ '7.4.4' ],
14 silly audit   '@types/babel__traverse': [ '7.28.0' ],
14 silly audit   '@types/react': [ '19.3.0' ],
14 silly audit   '@types/react-dom': [ '19.3.0' ],
14 silly audit   '@vitejs/plugin-react': [ '5.2.0' ],
14 silly audit   ansis: [ '4.4.0' ],
14 silly audit   'babel-dead-code-elimination': [ '1.0.12' ],
14 silly audit   'baseline-browser-mapping': [ '2.11.25' ],
14 silly audit   browserslist: [ '4.29.0' ],
14 silly audit   'caniuse-lite': [ '1.0.30001810' ],
14 silly audit   chokidar: [ '5.0.0' ],
14 silly audit   'convert-source-map': [ '2.0.0' ],
14 silly audit   'cookie-es': [ '3.1.1' ],
14 silly audit   csstype: [ '3.2.3' ],
14 silly audit   debug: [ '4.4.3' ],
14 silly audit   'detect-libc': [ '2.1.2' ],
14 silly audit   diff: [ '8.0.4' ],
14 silly audit   'electron-to-chromium': [ '1.5.433' ],
14 silly audit   'enhanced-resolve': [ '5.25.1' ],
14 silly audit   escalade: [ '3.2.0' ],
14 silly audit   fdir: [ '6.5.0' ],
14 silly audit   fsevents: [ '2.3.3' ],
14 silly audit   gensync: [ '1.0.0-beta.2' ],
14 silly audit   'graceful-fs': [ '4.2.11' ],
14 silly audit   isbot: [ '5.2.2' ],
14 silly audit   jiti: [ '2.7.0' ],
14 silly audit   'js-tokens': [ '4.0.0' ],
14 silly audit   jsesc: [ '3.1.0' ],
14 silly audit   json5: [ '2.2.3' ],
14 silly audit   lightningcss: [ '1.32.0', '1.33.0' ],
14 silly audit   'lightningcss-android-arm64': [ '1.32.0', '1.33.0' ],
14 silly audit   'lightningcss-darwin-arm64': [ '1.32.0', '1.33.0' ],
14 silly audit   'lightningcss-darwin-x64': [ '1.32.0', '1.33.0' ],
14 silly audit   'lightningcss-freebsd-x64': [ '1.32.0', '1.33.0' ],
14 silly audit   'lightningcss-linux-arm-gnueabihf': [ '1.32.0', '1.33.0' ],
14 silly audit   'lightningcss-linux-arm64-gnu': [ '1.32.0', '1.33.0' ],
14 silly audit   'lightningcss-linux-arm64-musl': [ '1.32.0', '1.33.0' ],
14 silly audit   'lightningcss-linux-x64-gnu': [ '1.32.0', '1.33.0' ],
14 silly audit   'lightningcss-linux-x64-musl': [ '1.32.0', '1.33.0' ],
14 silly audit   'lightningcss-win32-arm64-msvc': [ '1.32.0', '1.33.0' ],
14 silly audit   'lightningcss-win32-x64-msvc': [ '1.32.0', '1.33.0' ],
14 silly audit   'lru-cache': [ '5.1.1' ],
14 silly audit   'magic-string': [ '0.30.21' ],
14 silly audit   ms: [ '2.1.3' ],
14 silly audit   nanoid: [ '3.3.19' ],
14 silly audit   'node-releases': [ '2.0.56' ],
14 silly audit   pathe: [ '2.0.3' ],
14 silly audit   picocolors: [ '1.1.1' ],
14 silly audit   picomatch: [ '4.0.7' ],
14 silly audit   postcss: [ '8.5.28' ],
14 silly audit   prettier: [ '3.9.8' ],
14 silly audit   react: [ '19.3.0' ],
14 silly audit   'react-dom': [ '19.3.0' ],
14 silly audit   'react-refresh': [ '0.18.0' ],
14 silly audit   readdirp: [ '5.1.1' ],
14 silly audit   rolldown: [ '1.2.9' ],
14 silly audit   scheduler: [ '0.28.0' ],
14 silly audit   semver: [ '6.3.1' ],
14 silly audit   seroval: [ '1.6.7' ],
14 silly audit   'seroval-plugins': [ '1.6.7' ],
14 silly audit   'source-map-js': [ '1.2.1' ],
14 silly audit   tailwindcss: [ '4.3.3' ],
14 silly audit   tapable: [ '2.3.3' ],
14 silly audit   tinyglobby: [ '0.2.17' ],
14 silly audit   typescript: [ '5.9.3' ],
14 silly audit   unplugin: [ '3.4.0' ],
14 silly audit   'update-browserslist-db': [ '1.3.3' ],
14 silly audit   'use-sync-external-store': [ '1.7.0' ],
14 silly audit   vite: [ '8.3.0' ],
14 silly audit   'webpack-virtual-modules': [ '0.6.2' ],
14 silly audit   yallist: [ '3.1.1' ],
14 silly audit   zod: [ '4.6.5' ]
14 silly audit }
15 http cache zod@https://registry.npmjs.org/zod/-/zod-4.6.5.tgz 1ms (cache hit)
16 http cache webpack-virtual-modules@https://registry.npmjs.org/webpack-virtual-modules/-/webpack-virtual-modules-0.6.2.tgz 0ms (cache hit)
17 http cache yallist@https://registry.npmjs.org/yallist/-/yallist-3.1.1.tgz 0ms (cache hit)
18 http cache use-sync-external-store@https://registry.npmjs.org/use-sync-external-store/-/use-sync-external-store-1.7.0.tgz 0ms (cache hit)
19 http cache vite@https://registry.npmjs.org/vite/-/vite-8.3.0.tgz 0ms (cache hit)
20 http cache update-browserslist-db@https://registry.npmjs.org/update-browserslist-db/-/update-browserslist-db-1.3.3.tgz 0ms (cache hit)
21 http cache typescript@https://registry.npmjs.org/typescript/-/typescript-5.9.3.tgz 0ms (cache hit)
22 http cache unplugin@https://registry.npmjs.org/unplugin/-/unplugin-3.4.0.tgz 0ms (cache hit)
23 http cache tinyglobby@https://registry.npmjs.org/tinyglobby/-/tinyglobby-0.2.17.tgz 0ms (cache hit)
24 http cache tapable@https://registry.npmjs.org/tapable/-/tapable-2.3.3.tgz 0ms (cache hit)
25 http cache seroval-plugins@https://registry.npmjs.org/seroval-plugins/-/seroval-plugins-1.6.7.tgz 0ms (cache hit)
26 http cache source-map-js@https://registry.npmjs.org/source-map-js/-/source-map-js-1.2.1.tgz 0ms (cache hit)
27 http cache tailwindcss@https://registry.npmjs.org/tailwindcss/-/tailwindcss-4.3.3.tgz 0ms (cache hit)
28 http cache semver@https://registry.npmjs.org/semver/-/semver-6.3.1.tgz 0ms (cache hit)
29 http cache seroval@https://registry.npmjs.org/seroval/-/seroval-1.6.7.tgz 0ms (cache hit)
30 http cache scheduler@https://registry.npmjs.org/scheduler/-/scheduler-0.28.0.tgz 0ms (cache hit)
31 http cache readdirp@https://registry.npmjs.org/readdirp/-/readdirp-5.1.1.tgz 0ms (cache hit)
32 http cache rolldown@https://registry.npmjs.org/rolldown/-/rolldown-1.2.9.tgz 0ms (cache hit)
33 http cache react-refresh@https://registry.npmjs.org/react-refresh/-/react-refresh-0.18.0.tgz 0ms (cache hit)
34 http cache react@https://registry.npmjs.org/react/-/react-19.3.0.tgz 0ms (cache hit)
35 http cache react-dom@https://registry.npmjs.org/react-dom/-/react-dom-19.3.0.tgz 0ms (cache hit)
36 http cache prettier@https://registry.npmjs.org/prettier/-/prettier-3.9.8.tgz 0ms (cache hit)
37 http cache picomatch@https://registry.npmjs.org/picomatch/-/picomatch-4.0.7.tgz 0ms (cache hit)
38 http cache postcss@https://registry.npmjs.org/postcss/-/postcss-8.5.28.tgz 0ms (cache hit)
39 http cache picocolors@https://registry.npmjs.org/picocolors/-/picocolors-1.1.1.tgz 0ms (cache hit)
40 http cache node-releases@https://registry.npmjs.org/node-releases/-/node-releases-2.0.56.tgz 0ms (cache hit)
41 http cache nanoid@https://registry.npmjs.org/nanoid/-/nanoid-3.3.19.tgz 0ms (cache hit)
42 http cache ms@https://registry.npmjs.org/ms/-/ms-2.1.3.tgz 0ms (cache hit)
43 http cache pathe@https://registry.npmjs.org/pathe/-/pathe-2.0.3.tgz 0ms (cache hit)
44 http cache lightningcss-linux-x64-gnu@https://registry.npmjs.org/lightningcss-linux-x64-gnu/-/lightningcss-linux-x64-gnu-1.32.0.tgz 0ms (cache hit)
45 http cache magic-string@https://registry.npmjs.org/magic-string/-/magic-string-0.30.21.tgz 0ms (cache hit)
46 http cache lru-cache@https://registry.npmjs.org/lru-cache/-/lru-cache-5.1.1.tgz 1ms (cache hit)
47 http cache json5@https://registry.npmjs.org/json5/-/json5-2.2.3.tgz 0ms (cache hit)
48 http cache jsesc@https://registry.npmjs.org/jsesc/-/jsesc-3.1.0.tgz 0ms (cache hit)
49 http cache js-tokens@https://registry.npmjs.org/js-tokens/-/js-tokens-4.0.0.tgz 0ms (cache hit)
50 http cache jiti@https://registry.npmjs.org/jiti/-/jiti-2.7.0.tgz 0ms (cache hit)
51 http cache isbot@https://registry.npmjs.org/isbot/-/isbot-5.2.2.tgz 0ms (cache hit)
52 http cache graceful-fs@https://registry.npmjs.org/graceful-fs/-/graceful-fs-4.2.11.tgz 0ms (cache hit)
53 http cache gensync@https://registry.npmjs.org/gensync/-/gensync-1.0.0-beta.2.tgz 0ms (cache hit)
54 http cache fdir@https://registry.npmjs.org/fdir/-/fdir-6.5.0.tgz 0ms (cache hit)
55 http cache lightningcss@https://registry.npmjs.org/lightningcss/-/lightningcss-1.32.0.tgz 0ms (cache hit)
56 http cache escalade@https://registry.npmjs.org/escalade/-/escalade-3.2.0.tgz 0ms (cache hit)
57 http cache enhanced-resolve@https://registry.npmjs.org/enhanced-resolve/-/enhanced-resolve-5.25.1.tgz 0ms (cache hit)
58 http cache electron-to-chromium@https://registry.npmjs.org/electron-to-chromium/-/electron-to-chromium-1.5.433.tgz 0ms (cache hit)
59 http cache detect-libc@https://registry.npmjs.org/detect-libc/-/detect-libc-2.1.2.tgz 0ms (cache hit)
60 http cache diff@https://registry.npmjs.org/diff/-/diff-8.0.4.tgz 0ms (cache hit)
61 http cache cookie-es@https://registry.npmjs.org/cookie-es/-/cookie-es-3.1.1.tgz 0ms (cache hit)
62 http cache csstype@https://registry.npmjs.org/csstype/-/csstype-3.2.3.tgz 0ms (cache hit)
63 http cache debug@https://registry.npmjs.org/debug/-/debug-4.4.3.tgz 0ms (cache hit)
64 http cache convert-source-map@https://registry.npmjs.org/convert-source-map/-/convert-source-map-2.0.0.tgz 0ms (cache hit)
65 http cache chokidar@https://registry.npmjs.org/chokidar/-/chokidar-5.0.0.tgz 0ms (cache hit)
66 http cache caniuse-lite@https://registry.npmjs.org/caniuse-lite/-/caniuse-lite-1.0.30001810.tgz 0ms (cache hit)
67 http cache baseline-browser-mapping@https://registry.npmjs.org/baseline-browser-mapping/-/baseline-browser-mapping-2.11.25.tgz 0ms (cache hit)
68 http cache ansis@https://registry.npmjs.org/ansis/-/ansis-4.4.0.tgz 0ms (cache hit)
69 http cache @vitejs/plugin-react@https://registry.npmjs.org/@vitejs/plugin-react/-/plugin-react-5.2.0.tgz 0ms (cache hit)
70 http cache @types/react-dom@https://registry.npmjs.org/@types/react-dom/-/react-dom-19.3.0.tgz 0ms (cache hit)
71 http cache @types/react@https://registry.npmjs.org/@types/react/-/react-19.3.0.tgz 0ms (cache hit)
72 http cache @types/babel__traverse@https://registry.npmjs.org/@types/babel__traverse/-/babel__traverse-7.28.0.tgz 0ms (cache hit)
73 http cache browserslist@https://registry.npmjs.org/browserslist/-/browserslist-4.29.0.tgz 0ms (cache hit)
74 http cache @types/babel__template@https://registry.npmjs.org/@types/babel__template/-/babel__template-7.4.4.tgz 0ms (cache hit)
75 http cache @types/babel__generator@https://registry.npmjs.org/@types/babel__generator/-/babel__generator-7.27.0.tgz 0ms (cache hit)
76 http cache @types/babel__core@https://registry.npmjs.org/@types/babel__core/-/babel__core-7.20.5.tgz 0ms (cache hit)
77 http cache babel-dead-code-elimination@https://registry.npmjs.org/babel-dead-code-elimination/-/babel-dead-code-elimination-1.0.12.tgz 0ms (cache hit)
78 http cache @tanstack/virtual-file-routes@https://registry.npmjs.org/@tanstack/virtual-file-routes/-/virtual-file-routes-1.162.0.tgz 0ms (cache hit)
79 http cache @tanstack/store@https://registry.npmjs.org/@tanstack/store/-/store-0.11.1.tgz 0ms (cache hit)
80 http cache @tanstack/router-utils@https://registry.npmjs.org/@tanstack/router-utils/-/router-utils-1.162.3.tgz 0ms (cache hit)
81 http cache @tanstack/router-plugin@https://registry.npmjs.org/@tanstack/router-plugin/-/router-plugin-1.168.40.tgz 0ms (cache hit)
82 http cache @tanstack/router-generator@https://registry.npmjs.org/@tanstack/router-generator/-/router-generator-1.167.38.tgz 0ms (cache hit)
83 http cache @tanstack/router-core@https://registry.npmjs.org/@tanstack/router-core/-/router-core-1.171.32.tgz 0ms (cache hit)
84 http cache @tanstack/react-store@https://registry.npmjs.org/@tanstack/react-store/-/react-store-0.11.1.tgz 0ms (cache hit)
85 http cache @tanstack/react-router@https://registry.npmjs.org/@tanstack/react-router/-/react-router-1.170.38.tgz 0ms (cache hit)
86 http cache @tanstack/history@https://registry.npmjs.org/@tanstack/history/-/history-1.162.4.tgz 0ms (cache hit)
87 http cache @tailwindcss/vite@https://registry.npmjs.org/@tailwindcss/vite/-/vite-4.3.3.tgz 0ms (cache hit)
88 http cache @tailwindcss/oxide@https://registry.npmjs.org/@tailwindcss/oxide/-/oxide-4.3.3.tgz 0ms (cache hit)
89 http cache @tailwindcss/oxide-linux-x64-gnu@https://registry.npmjs.org/@tailwindcss/oxide-linux-x64-gnu/-/oxide-linux-x64-gnu-4.3.3.tgz 0ms (cache hit)
90 http cache @tailwindcss/node@https://registry.npmjs.org/@tailwindcss/node/-/node-4.3.3.tgz 0ms (cache hit)
91 http cache @rolldown/pluginutils@https://registry.npmjs.org/@rolldown/pluginutils/-/pluginutils-1.0.0-rc.3.tgz 0ms (cache hit)
92 http cache @rolldown/binding-linux-x64-gnu@https://registry.npmjs.org/@rolldown/binding-linux-x64-gnu/-/binding-linux-x64-gnu-1.2.9.tgz 0ms (cache hit)
93 http cache @oxc-project/types@https://registry.npmjs.org/@oxc-project/types/-/types-0.150.0.tgz 0ms (cache hit)
94 http cache @jridgewell/trace-mapping@https://registry.npmjs.org/@jridgewell/trace-mapping/-/trace-mapping-0.3.31.tgz 0ms (cache hit)
95 http cache @jridgewell/sourcemap-codec@https://registry.npmjs.org/@jridgewell/sourcemap-codec/-/sourcemap-codec-1.6.0.tgz 0ms (cache hit)
96 http cache @jridgewell/resolve-uri@https://registry.npmjs.org/@jridgewell/resolve-uri/-/resolve-uri-3.1.2.tgz 0ms (cache hit)
97 http cache @jridgewell/remapping@https://registry.npmjs.org/@jridgewell/remapping/-/remapping-2.3.5.tgz 0ms (cache hit)
98 http cache @jridgewell/gen-mapping@https://registry.npmjs.org/@jridgewell/gen-mapping/-/gen-mapping-0.3.13.tgz 1ms (cache hit)
99 http cache @babel/types@https://registry.npmjs.org/@babel/types/-/types-7.29.8.tgz 0ms (cache hit)
100 http cache @babel/traverse@https://registry.npmjs.org/@babel/traverse/-/traverse-7.29.8.tgz 0ms (cache hit)
101 http cache @babel/plugin-transform-react-jsx-source@https://registry.npmjs.org/@babel/plugin-transform-react-jsx-source/-/plugin-transform-react-jsx-source-7.29.7.tgz 0ms (cache hit)
102 http cache @babel/template@https://registry.npmjs.org/@babel/template/-/template-7.29.7.tgz 0ms (cache hit)
103 http cache @babel/plugin-transform-react-jsx-self@https://registry.npmjs.org/@babel/plugin-transform-react-jsx-self/-/plugin-transform-react-jsx-self-7.29.7.tgz 0ms (cache hit)
104 http cache @babel/parser@https://registry.npmjs.org/@babel/parser/-/parser-7.29.9.tgz 0ms (cache hit)
105 http cache @babel/helpers@https://registry.npmjs.org/@babel/helpers/-/helpers-7.29.7.tgz 0ms (cache hit)
106 http cache @babel/helper-validator-identifier@https://registry.npmjs.org/@babel/helper-validator-identifier/-/helper-validator-identifier-7.29.7.tgz 0ms (cache hit)
107 http cache @babel/helper-validator-option@https://registry.npmjs.org/@babel/helper-validator-option/-/helper-validator-option-7.29.7.tgz 0ms (cache hit)
108 http cache @babel/helper-string-parser@https://registry.npmjs.org/@babel/helper-string-parser/-/helper-string-parser-7.29.7.tgz 0ms (cache hit)
109 http cache @babel/helper-plugin-utils@https://registry.npmjs.org/@babel/helper-plugin-utils/-/helper-plugin-utils-7.29.7.tgz 0ms (cache hit)
110 http cache @babel/helper-module-transforms@https://registry.npmjs.org/@babel/helper-module-transforms/-/helper-module-transforms-7.29.7.tgz 0ms (cache hit)
111 http cache @babel/helper-globals@https://registry.npmjs.org/@babel/helper-globals/-/helper-globals-7.29.7.tgz 0ms (cache hit)
112 http cache @babel/helper-module-imports@https://registry.npmjs.org/@babel/helper-module-imports/-/helper-module-imports-7.29.7.tgz 0ms (cache hit)
113 http cache @babel/helper-compilation-targets@https://registry.npmjs.org/@babel/helper-compilation-targets/-/helper-compilation-targets-7.29.7.tgz 0ms (cache hit)
114 http cache @babel/generator@https://registry.npmjs.org/@babel/generator/-/generator-7.29.8.tgz 0ms (cache hit)
115 http cache @babel/core@https://registry.npmjs.org/@babel/core/-/core-7.29.7.tgz 0ms (cache hit)
116 http cache @babel/compat-data@https://registry.npmjs.org/@babel/compat-data/-/compat-data-7.29.7.tgz 0ms (cache hit)
117 http cache @babel/code-frame@https://registry.npmjs.org/@babel/code-frame/-/code-frame-7.29.7.tgz 0ms (cache hit)
118 http cache lightningcss-linux-x64-gnu@https://registry.npmjs.org/lightningcss-linux-x64-gnu/-/lightningcss-linux-x64-gnu-1.33.0.tgz 0ms (cache hit)
119 http cache lightningcss@https://registry.npmjs.org/lightningcss/-/lightningcss-1.33.0.tgz 0ms (cache hit)
120 http cache @rolldown/pluginutils@https://registry.npmjs.org/@rolldown/pluginutils/-/pluginutils-1.0.1.tgz 0ms (cache hit)
121 http fetch POST 200 https://registry.npmjs.org/-/npm/v1/security/advisories/bulk 970ms
122 silly audit report {}
123 silly ADD node_modules/zod
124 silly ADD node_modules/yallist
125 silly ADD node_modules/webpack-virtual-modules
126 silly ADD node_modules/vite
127 silly ADD node_modules/vite/node_modules/lightningcss-linux-x64-gnu
128 silly ADD node_modules/vite/node_modules/lightningcss
129 silly ADD node_modules/use-sync-external-store
130 silly ADD node_modules/update-browserslist-db
131 silly ADD node_modules/unplugin
132 silly ADD node_modules/typescript
133 silly ADD node_modules/tinyglobby
134 silly ADD node_modules/tapable
135 silly ADD node_modules/tailwindcss
136 silly ADD node_modules/source-map-js
137 silly ADD node_modules/seroval-plugins
138 silly ADD node_modules/seroval
139 silly ADD node_modules/semver
140 silly ADD node_modules/scheduler
141 silly ADD node_modules/rolldown
142 silly ADD node_modules/rolldown/node_modules/@rolldown/pluginutils
143 silly ADD node_modules/readdirp
144 silly ADD node_modules/react-refresh
145 silly ADD node_modules/react-dom
146 silly ADD node_modules/react
147 silly ADD node_modules/prettier
148 silly ADD node_modules/postcss
149 silly ADD node_modules/picomatch
150 silly ADD node_modules/picocolors
151 silly ADD node_modules/pathe
152 silly ADD node_modules/node-releases
153 silly ADD node_modules/nanoid
154 silly ADD node_modules/ms
155 silly ADD node_modules/magic-string
156 silly ADD node_modules/lru-cache
157 silly ADD node_modules/lightningcss-linux-x64-gnu
158 silly ADD node_modules/lightningcss
159 silly ADD node_modules/json5
160 silly ADD node_modules/jsesc
161 silly ADD node_modules/js-tokens
162 silly ADD node_modules/jiti
163 silly ADD node_modules/isbot
164 silly ADD node_modules/graceful-fs
165 silly ADD node_modules/gensync
166 silly ADD node_modules/fdir
167 silly ADD node_modules/escalade
168 silly ADD node_modules/enhanced-resolve
169 silly ADD node_modules/electron-to-chromium
170 silly ADD node_modules/diff
171 silly ADD node_modules/detect-libc
172 silly ADD node_modules/debug
173 silly ADD node_modules/csstype
174 silly ADD node_modules/cookie-es
175 silly ADD node_modules/convert-source-map
176 silly ADD node_modules/chokidar
177 silly ADD node_modules/caniuse-lite
178 silly ADD node_modules/browserslist
179 silly ADD node_modules/baseline-browser-mapping
180 silly ADD node_modules/babel-dead-code-elimination
181 silly ADD node_modules/ansis
182 silly ADD node_modules/@vitejs/plugin-react
183 silly ADD node_modules/@types/react-dom
184 silly ADD node_modules/@types/react
185 silly ADD node_modules/@types/babel__traverse
186 silly ADD node_modules/@types/babel__template
187 silly ADD node_modules/@types/babel__generator
188 silly ADD node_modules/@types/babel__core
189 silly ADD node_modules/@tanstack/virtual-file-routes
190 silly ADD node_modules/@tanstack/store
191 silly ADD node_modules/@tanstack/router-utils
192 silly ADD node_modules/@tanstack/router-plugin
193 silly ADD node_modules/@tanstack/router-generator
194 silly ADD node_modules/@tanstack/router-core
195 silly ADD node_modules/@tanstack/react-store
196 silly ADD node_modules/@tanstack/react-router
197 silly ADD node_modules/@tanstack/history
198 silly ADD node_modules/@tailwindcss/vite
199 silly ADD node_modules/@tailwindcss/oxide-linux-x64-gnu
200 silly ADD node_modules/@tailwindcss/oxide
201 silly ADD node_modules/@tailwindcss/node
202 silly ADD node_modules/@rolldown/pluginutils
203 silly ADD node_modules/@rolldown/binding-linux-x64-gnu
204 silly ADD node_modules/@oxc-project/types
205 silly ADD node_modules/@jridgewell/trace-mapping
206 silly ADD node_modules/@jridgewell/sourcemap-codec
207 silly ADD node_modules/@jridgewell/resolve-uri
208 silly ADD node_modules/@jridgewell/remapping
209 silly ADD node_modules/@jridgewell/gen-mapping
210 silly ADD node_modules/@babel/types
211 silly ADD node_modules/@babel/traverse
212 silly ADD node_modules/@babel/template
213 silly ADD node_modules/@babel/plugin-transform-react-jsx-source
214 silly ADD node_modules/@babel/plugin-transform-react-jsx-self
215 silly ADD node_modules/@babel/parser
216 silly ADD node_modules/@babel/helpers
217 silly ADD node_modules/@babel/helper-validator-option
218 silly ADD node_modules/@babel/helper-validator-identifier
219 silly ADD node_modules/@babel/helper-string-parser
220 silly ADD node_modules/@babel/helper-plugin-utils
221 silly ADD node_modules/@babel/helper-module-transforms
222 silly ADD node_modules/@babel/helper-module-imports
223 silly ADD node_modules/@babel/helper-globals
224 silly ADD node_modules/@babel/helper-compilation-targets
225 silly ADD node_modules/@babel/generator
226 silly ADD node_modules/@babel/core
227 silly ADD node_modules/@babel/compat-data
228 silly ADD node_modules/@babel/code-frame
229 verbose cwd /home/sprite
230 verbose os Linux 6.12.105-fly
231 verbose node v24.18.0
232 verbose npm  v12.0.2
233 verbose exit 0
234 info ok
